******************************************************************************
             TMS320C2000 Linker PC v16.9.6                     
******************************************************************************
>> Linked Fri Feb 02 13:49:58 2018

OUTPUT FILE NAME:   <Ex0.out>
ENTRY POINT SYMBOL: "_c_int00"  address: 00000040


MEMORY CONFIGURATION

         name            origin    length      used     unused   attr    fill
----------------------  --------  ---------  --------  --------  ----  --------
PAGE 0:
  PROG                  00000040   003fffc0  00000033  003fff8d  RWIX

PAGE 1:
  DATA                  00000000   00010000  00000004  0000fffc  RW  
  DATA1                 00010000   003f0000  00000000  003f0000  RW  


SECTION ALLOCATION MAP

 output                                  attributes/
section   page    origin      length       input sections
--------  ----  ----------  ----------   ----------------
.text      0    00000040    00000021     
                  00000040    00000021     ex0.obj (.text)

.data      0    00000062    00000012     
                  00000062    00000012     ex0.obj (.data)

.bss       1    00000000    00000004     UNINITIALIZED
                  00000000    00000004     ex0.obj (.bss)

MODULE SUMMARY

       Module         code   initialized data   uninitialized data
       ------         ----   ----------------   ------------------
    .\
       ex0.obj        33     18                 4                 
    +--+--------------+------+------------------+--------------------+
       Total:         33     18                 4                 
                                                                  
    +--+--------------+------+------------------+--------------------+
       Grand Total:   33     18                 4                 


GLOBAL DATA SYMBOLS: SORTED BY DATA PAGE

address     data page           name
--------    ----------------    ----
00000000       0 (00000000)     results
00000003       0 (00000000)     sum

00000062       1 (00000040)     counter
00000063       1 (00000040)     num4
00000064       1 (00000040)     char
00000070       1 (00000040)     val1
00000071       1 (00000040)     val2
00000072       1 (00000040)     val3


GLOBAL SYMBOLS: SORTED ALPHABETICALLY BY Name 

page  address   name                 
----  -------   ----                 
1     00000000  .bss                 
0     00000062  .data                
0     00000040  .text                
abs   ffffffff  ___TI_pprof_out_hndl 
abs   ffffffff  ___TI_prof_data_size 
abs   ffffffff  ___TI_prof_data_start
abs   ffffffff  ___binit__           
1     00000000  ___bss__             
abs   ffffffff  ___c_args__          
abs   ffffffff  ___cinit__           
0     00000062  ___data__            
0     00000074  ___edata__           
1     00000004  ___end__             
0     00000061  ___etext__           
abs   ffffffff  ___pinit__           
0     00000040  ___text__            
0     00000040  _c_int00             
abs   ffffffff  binit                
0     00000064  char                 
abs   ffffffff  cinit                
0     00000062  counter              
0     00000074  edata                
1     00000004  end                  
0     00000061  etext                
abs   00000000  num1                 
abs   000000f0  num2                 
abs   0000ffff  num3                 
0     00000063  num4                 
abs   ffffffff  pinit                
1     00000000  results              
1     00000003  sum                  
0     00000070  val1                 
0     00000071  val2                 
0     00000072  val3                 


GLOBAL SYMBOLS: SORTED BY Symbol Address 

page  address   name                 
----  -------   ----                 
0     00000040  .text                
0     00000040  ___text__            
0     00000040  _c_int00             
0     00000061  ___etext__           
0     00000061  etext                
0     00000062  .data                
0     00000062  ___data__            
0     00000062  counter              
0     00000063  num4                 
0     00000064  char                 
0     00000070  val1                 
0     00000071  val2                 
0     00000072  val3                 
0     00000074  ___edata__           
0     00000074  edata                
1     00000000  .bss                 
1     00000000  ___bss__             
1     00000000  results              
1     00000003  sum                  
1     00000004  ___end__             
1     00000004  end                  
abs   00000000  num1                 
abs   000000f0  num2                 
abs   0000ffff  num3                 
abs   ffffffff  ___TI_pprof_out_hndl 
abs   ffffffff  ___TI_prof_data_size 
abs   ffffffff  ___TI_prof_data_start
abs   ffffffff  ___binit__           
abs   ffffffff  ___c_args__          
abs   ffffffff  ___cinit__           
abs   ffffffff  ___pinit__           
abs   ffffffff  binit                
abs   ffffffff  cinit                
abs   ffffffff  pinit                

[34 symbols]
