******************************************************************************
             TMS320C2000 Linker PC v16.9.6                     
******************************************************************************
>> Linked Fri Feb 02 14:04:24 2018

OUTPUT FILE NAME:   <EX0_2.out>
ENTRY POINT SYMBOL: "_c_int00"  address: 00009000


MEMORY CONFIGURATION

         name            origin    length      used     unused   attr    fill
----------------------  --------  ---------  --------  --------  ----  --------
PAGE 0:
  BEGIN                 00000000   00000002  00000000  00000002  RWIX
  BOOT_RSVD             00000002   0000004e  00000000  0000004e  RWIX
  RAMM0                 00000050   000003b0  00000000  000003b0  RWIX
  RAML0                 00008000   00001000  00000000  00001000  RWIX
  RAML1                 00009000   00001000  00000021  00000fdf  RWIX
  RAML2                 0000a000   00001000  00000012  00000fee  RWIX
  RAML3                 0000b000   00001000  00000004  00000ffc  RWIX
  ZONE7A                00200000   0000fc00  00000000  0000fc00  RWIX
  CSM_RSVD              0033ff80   00000076  00000000  00000076  RWIX
  CSM_PWL               0033fff8   00000008  00000000  00000008  RWIX
  ADC_CAL               00380080   00000009  00000000  00000009  RWIX
  IQTABLES              003fe000   00000b50  00000000  00000b50  RWIX
  IQTABLES2             003feb50   0000008c  00000000  0000008c  RWIX
  FPUTABLES             003febdc   000006a0  00000000  000006a0  RWIX
  BOOTROM               003ff27c   00000d44  00000000  00000d44  RWIX
  RESET                 003fffc0   00000002  00000000  00000002  RWIX

PAGE 1:
  RAMM1                 00000400   00000400  00000000  00000400  RWIX
  RAML4                 0000c000   00001000  00000000  00001000  RWIX
  RAML5                 0000d000   00001000  00000000  00001000  RWIX
  RAML6                 0000e000   00001000  00000000  00001000  RWIX
  RAML7                 0000f000   00001000  00000000  00001000  RWIX
  ZONE7B                0020fc00   00000400  00000000  00000400  RWIX


SECTION ALLOCATION MAP

 output                                  attributes/
section   page    origin      length       input sections
--------  ----  ----------  ----------   ----------------
.text      0    00009000    00000021     
                  00009000    00000021     ex0.obj (.text)

.data      0    0000a000    00000012     
                  0000a000    00000012     ex0.obj (.data)

.bss       0    0000b000    00000004     UNINITIALIZED
                  0000b000    00000004     ex0.obj (.bss)

.reset     0    003fffc0    00000000     DSECT

csm_rsvd   0    0033ff80    00000000     DSECT

csmpasswds 
*          0    0033fff8    00000000     DSECT

MODULE SUMMARY

       Module         code   initialized data   uninitialized data
       ------         ----   ----------------   ------------------
    .\
       ex0.obj        33     18                 4                 
    +--+--------------+------+------------------+--------------------+
       Total:         33     18                 4                 
                                                                  
    +--+--------------+------+------------------+--------------------+
       Grand Total:   33     18                 4                 


GLOBAL DATA SYMBOLS: SORTED BY DATA PAGE

address     data page           name
--------    ----------------    ----
0000a000     280 (0000a000)     counter
0000a001     280 (0000a000)     num4
0000a002     280 (0000a000)     char
0000a00e     280 (0000a000)     val1
0000a00f     280 (0000a000)     val2
0000a010     280 (0000a000)     val3

0000b000     2c0 (0000b000)     results
0000b003     2c0 (0000b000)     sum


GLOBAL SYMBOLS: SORTED ALPHABETICALLY BY Name 

page  address   name                 
----  -------   ----                 
0     0000b000  .bss                 
0     0000a000  .data                
0     00009000  .text                
abs   ffffffff  ___TI_pprof_out_hndl 
abs   ffffffff  ___TI_prof_data_size 
abs   ffffffff  ___TI_prof_data_start
abs   ffffffff  ___binit__           
0     0000b000  ___bss__             
abs   ffffffff  ___c_args__          
abs   ffffffff  ___cinit__           
0     0000a000  ___data__            
0     0000a012  ___edata__           
0     0000b004  ___end__             
0     00009021  ___etext__           
abs   ffffffff  ___pinit__           
0     00009000  ___text__            
0     00009000  _c_int00             
abs   ffffffff  binit                
0     0000a002  char                 
abs   ffffffff  cinit                
0     0000a000  counter              
0     0000a012  edata                
0     0000b004  end                  
0     00009021  etext                
abs   00000000  num1                 
abs   000000f0  num2                 
abs   0000ffff  num3                 
0     0000a001  num4                 
abs   ffffffff  pinit                
0     0000b000  results              
0     0000b003  sum                  
0     0000a00e  val1                 
0     0000a00f  val2                 
0     0000a010  val3                 


GLOBAL SYMBOLS: SORTED BY Symbol Address 

page  address   name                 
----  -------   ----                 
0     00009000  .text                
0     00009000  ___text__            
0     00009000  _c_int00             
0     00009021  ___etext__           
0     00009021  etext                
0     0000a000  .data                
0     0000a000  ___data__            
0     0000a000  counter              
0     0000a001  num4                 
0     0000a002  char                 
0     0000a00e  val1                 
0     0000a00f  val2                 
0     0000a010  val3                 
0     0000a012  ___edata__           
0     0000a012  edata                
0     0000b000  .bss                 
0     0000b000  ___bss__             
0     0000b000  results              
0     0000b003  sum                  
0     0000b004  ___end__             
0     0000b004  end                  
abs   00000000  num1                 
abs   000000f0  num2                 
abs   0000ffff  num3                 
abs   ffffffff  ___TI_pprof_out_hndl 
abs   ffffffff  ___TI_prof_data_size 
abs   ffffffff  ___TI_prof_data_start
abs   ffffffff  ___binit__           
abs   ffffffff  ___c_args__          
abs   ffffffff  ___cinit__           
abs   ffffffff  ___pinit__           
abs   ffffffff  binit                
abs   ffffffff  cinit                
abs   ffffffff  pinit                

[34 symbols]
